Archive member included to satisfy reference by file (symbol)

c:/program files (x86)/embitz/1.11/share/em_armgcc/bin/../lib/gcc/arm-none-eabi/5.4.1/../../../../arm-none-eabi/lib/armv7e-m\libg_n.a(lib_a-exit.o)
                              c:/program files (x86)/embitz/1.11/share/em_armgcc/bin/../lib/gcc/arm-none-eabi/5.4.1/../../../../arm-none-eabi/lib/armv7e-m/crt0.o (exit)
c:/program files (x86)/embitz/1.11/share/em_armgcc/bin/../lib/gcc/arm-none-eabi/5.4.1/../../../../arm-none-eabi/lib/armv7e-m\libg_n.a(lib_a-impure.o)
                              c:/program files (x86)/embitz/1.11/share/em_armgcc/bin/../lib/gcc/arm-none-eabi/5.4.1/../../../../arm-none-eabi/lib/armv7e-m\libg_n.a(lib_a-exit.o) (_global_impure_ptr)
c:/program files (x86)/embitz/1.11/share/em_armgcc/bin/../lib/gcc/arm-none-eabi/5.4.1/../../../../arm-none-eabi/lib/armv7e-m\libg_n.a(lib_a-init.o)
                              c:/program files (x86)/embitz/1.11/share/em_armgcc/bin/../lib/gcc/arm-none-eabi/5.4.1/../../../../arm-none-eabi/lib/armv7e-m/crt0.o (__libc_init_array)
c:/program files (x86)/embitz/1.11/share/em_armgcc/bin/../lib/gcc/arm-none-eabi/5.4.1/../../../../arm-none-eabi/lib/armv7e-m\libg_n.a(lib_a-memset.o)
                              c:/program files (x86)/embitz/1.11/share/em_armgcc/bin/../lib/gcc/arm-none-eabi/5.4.1/../../../../arm-none-eabi/lib/armv7e-m/crt0.o (memset)
c:/program files (x86)/embitz/1.11/share/em_armgcc/bin/../lib/gcc/arm-none-eabi/5.4.1/../../../../arm-none-eabi/lib/armv7e-m\libg_n.a(lib_a-printf.o)
                              obj\debug\src\alien.o (printf)
c:/program files (x86)/embitz/1.11/share/em_armgcc/bin/../lib/gcc/arm-none-eabi/5.4.1/../../../../arm-none-eabi/lib/armv7e-m\libg_n.a(lib_a-putchar.o)
                              obj\debug\src\alien.o (putchar)
c:/program files (x86)/embitz/1.11/share/em_armgcc/bin/../lib/gcc/arm-none-eabi/5.4.1/../../../../arm-none-eabi/lib/armv7e-m\libg_n.a(lib_a-rand.o)
                              obj\debug\src\main.o (rand)
c:/program files (x86)/embitz/1.11/share/em_armgcc/bin/../lib/gcc/arm-none-eabi/5.4.1/../../../../arm-none-eabi/lib/armv7e-m\libg_n.a(lib_a-setbuf.o)
                              obj\debug\src\30010_io.o (setbuf)
c:/program files (x86)/embitz/1.11/share/em_armgcc/bin/../lib/gcc/arm-none-eabi/5.4.1/../../../../arm-none-eabi/lib/armv7e-m\libg_n.a(lib_a-setvbuf.o)
                              c:/program files (x86)/embitz/1.11/share/em_armgcc/bin/../lib/gcc/arm-none-eabi/5.4.1/../../../../arm-none-eabi/lib/armv7e-m\libg_n.a(lib_a-setbuf.o) (setvbuf)
c:/program files (x86)/embitz/1.11/share/em_armgcc/bin/../lib/gcc/arm-none-eabi/5.4.1/../../../../arm-none-eabi/lib/armv7e-m\libg_n.a(lib_a-fflush.o)
                              c:/program files (x86)/embitz/1.11/share/em_armgcc/bin/../lib/gcc/arm-none-eabi/5.4.1/../../../../arm-none-eabi/lib/armv7e-m\libg_n.a(lib_a-setvbuf.o) (_fflush_r)
c:/program files (x86)/embitz/1.11/share/em_armgcc/bin/../lib/gcc/arm-none-eabi/5.4.1/../../../../arm-none-eabi/lib/armv7e-m\libg_n.a(lib_a-findfp.o)
                              c:/program files (x86)/embitz/1.11/share/em_armgcc/bin/../lib/gcc/arm-none-eabi/5.4.1/../../../../arm-none-eabi/lib/armv7e-m\libg_n.a(lib_a-printf.o) (__sinit)
c:/program files (x86)/embitz/1.11/share/em_armgcc/bin/../lib/gcc/arm-none-eabi/5.4.1/../../../../arm-none-eabi/lib/armv7e-m\libg_n.a(lib_a-fwalk.o)
                              c:/program files (x86)/embitz/1.11/share/em_armgcc/bin/../lib/gcc/arm-none-eabi/5.4.1/../../../../arm-none-eabi/lib/armv7e-m\libg_n.a(lib_a-findfp.o) (_fwalk)
c:/program files (x86)/embitz/1.11/share/em_armgcc/bin/../lib/gcc/arm-none-eabi/5.4.1/../../../../arm-none-eabi/lib/armv7e-m\libg_n.a(lib_a-makebuf.o)
                              c:/program files (x86)/embitz/1.11/share/em_armgcc/bin/../lib/gcc/arm-none-eabi/5.4.1/../../../../arm-none-eabi/lib/armv7e-m\libg_n.a(lib_a-setvbuf.o) (__swhatbuf_r)
c:/program files (x86)/embitz/1.11/share/em_armgcc/bin/../lib/gcc/arm-none-eabi/5.4.1/../../../../arm-none-eabi/lib/armv7e-m\libg_n.a(lib_a-malloc.o)
                              c:/program files (x86)/embitz/1.11/share/em_armgcc/bin/../lib/gcc/arm-none-eabi/5.4.1/../../../../arm-none-eabi/lib/armv7e-m\libg_n.a(lib_a-rand.o) (malloc)
c:/program files (x86)/embitz/1.11/share/em_armgcc/bin/../lib/gcc/arm-none-eabi/5.4.1/../../../../arm-none-eabi/lib/armv7e-m\libg_n.a(lib_a-nano-freer.o)
                              c:/program files (x86)/embitz/1.11/share/em_armgcc/bin/../lib/gcc/arm-none-eabi/5.4.1/../../../../arm-none-eabi/lib/armv7e-m\libg_n.a(lib_a-setvbuf.o) (_free_r)
c:/program files (x86)/embitz/1.11/share/em_armgcc/bin/../lib/gcc/arm-none-eabi/5.4.1/../../../../arm-none-eabi/lib/armv7e-m\libg_n.a(lib_a-nano-mallocr.o)
                              c:/program files (x86)/embitz/1.11/share/em_armgcc/bin/../lib/gcc/arm-none-eabi/5.4.1/../../../../arm-none-eabi/lib/armv7e-m\libg_n.a(lib_a-findfp.o) (_malloc_r)
[...]
Memory Configuration

Name             Origin             Length             Attributes
ROM              0x08000000         0x00010000         xr
RAM              0x20000000         0x00004000         xrw
*default*        0x00000000         0xffffffff

Linker script and memory map

LOAD c:/program files (x86)/embitz/1.11/share/em_armgcc/bin/../lib/gcc/arm-none-eabi/5.4.1/armv7e-m/crti.o
LOAD c:/program files (x86)/embitz/1.11/share/em_armgcc/bin/../lib/gcc/arm-none-eabi/5.4.1/armv7e-m/crtbegin.o
LOAD c:/program files (x86)/embitz/1.11/share/em_armgcc/bin/../lib/gcc/arm-none-eabi/5.4.1/../../../../arm-none-eabi/lib/armv7e-m/crt0.o
                0x00000000                __HEAP_SIZE = 0x0
                0x00000100                __STACK_SIZE = 0x100

.text           0x08000000     0x5254
 *(.isr_vector)
 .isr_vector    0x08000000      0x188 obj\debug\src\startup_stm32f30x.o
                0x08000000                __isr_vector
 *(.text*)
 .text          0x08000188       0x5c c:/program files (x86)/embitz/1.11/share/em_armgcc/bin/../lib/gcc/arm-none-eabi/5.4.1/armv7e-m/crtbegin.o
 .text          0x080001e4       0x74 c:/program files (x86)/embitz/1.11/share/em_armgcc/bin/../lib/gcc/arm-none-eabi/5.4.1/../../../../arm-none-eabi/lib/armv7e-m/crt0.o
                0x080001e4                _start
                0x080001e4                _mainCRTStartup
 .text.RCC_GetClocksFreq
                0x08000258      0x414 obj\debug\spl\src\stm32f30x_rcc.o
                0x08000258                RCC_GetClocksFreq
 .text.USART_SendData
                0x0800066c       0x24 obj\debug\spl\src\stm32f30x_usart.o
                0x0800066c                USART_SendData
 .text.USART_ITConfig
                0x08000690       0x80 obj\debug\spl\src\stm32f30x_usart.o
                0x08000690                USART_ITConfig
 .text.USART_GetFlagStatus
                0x08000710       0x30 obj\debug\spl\src\stm32f30x_usart.o
                0x08000710                USART_GetFlagStatus
 .text.USART_GetITStatus
                0x08000740       0x9c obj\debug\spl\src\stm32f30x_usart.o
                0x08000740                USART_GetITStatus
 .text.NVIC_EnableIRQ
                0x080007dc       0x30 obj\debug\src\30010_io.o
 .text.uart_get_char
                0x0800080c       0x50 obj\debug\src\30010_io.o
                0x0800080c                uart_get_char
 .text.uart_put_char
                0x0800085c       0x34 obj\debug\src\30010_io.o
                0x0800085c                uart_put_char
 .text._write_r
                0x08000890       0x4c obj\debug\src\30010_io.o
                0x08000890                _write_r
 .text.USART2_IRQHandler
                0x080008dc       0x74 obj\debug\src\30010_io.o
                0x080008dc                USART2_IRQHandler
 .text.uart_clear
                0x08000950       0x2c obj\debug\src\30010_io.o
                0x08000950                uart_clear
 .text.uart_get_count
                0x0800097c       0x18 obj\debug\src\30010_io.o
                0x0800097c                uart_get_count
 .text.uart_init
                0x08000994      0x234 obj\debug\src\30010_io.o
                0x08000994                uart_init
 .text.init_alien
                0x08000bc8       0x4c obj\debug\src\alien.o
                0x08000bc8                init_alien
 .text.draw_alien
                0x08000c14      0x314 obj\debug\src\alien.o
                0x08000c14                draw_alien
 .text.delete_alien
                0x08000f28       0xa0 obj\debug\src\alien.o
                0x08000f28                delete_alien
 .text.move_alien
                0x08000fc8       0x50 obj\debug\src\alien.o
                0x08000fc8                move_alien
 .text.clrscr   0x08001018       0x14 obj\debug\src\ansi.o
                0x08001018                clrscr
 .text.gotoxy   0x0800102c       0x28 obj\debug\src\ansi.o
                0x0800102c                gotoxy
 .text.inverse  0x08001054       0x14 obj\debug\src\ansi.o
                0x08001054                inverse
 .text.no_inverse
                0x08001068       0x14 obj\debug\src\ansi.o
                0x08001068                no_inverse
 .text.initSpaceship
                0x0800107c       0x3c obj\debug\src\gamefunctions.o
                0x0800107c                initSpaceship
 .text.initRocket
                0x080010b8       0xac obj\debug\src\gamefunctions.o
                0x080010b8                initRocket
 .text.initBomb
                0x08001164       0xac obj\debug\src\gamefunctions.o
                0x08001164                initBomb
 .text.drawSpaceship
                0x08001210      0x140 obj\debug\src\gamefunctions.o
                0x08001210                drawSpaceship
 .text.deleteSpaceship
                0x08001350      0x140 obj\debug\src\gamefunctions.o
                0x08001350                deleteSpaceship
 .text.drawRocket
                0x08001490       0x74 obj\debug\src\gamefunctions.o
                0x08001490                drawRocket
 .text.drawBomb
                0x08001504       0x74 obj\debug\src\gamefunctions.o
                0x08001504                drawBomb
 .text.deleteRocket
                0x08001578       0x60 obj\debug\src\gamefunctions.o
                0x08001578                deleteRocket
 .text.deleteBomb
                0x080015d8       0x60 obj\debug\src\gamefunctions.o
                0x080015d8                deleteBomb
 .text.shootRocket
                0x08001638       0x84 obj\debug\src\gamefunctions.o
                0x08001638                shootRocket
 .text.shootBomb
                0x080016bc       0x84 obj\debug\src\gamefunctions.o
                0x080016bc                shootBomb
 .text.hitDetection
                0x08001740      0x19c obj\debug\src\gamefunctions.o
                0x08001740                hitDetection
 .text.Controls
                0x080018dc      0x15c obj\debug\src\gamefunctions.o
                0x080018dc                Controls
 .text.updateRocketPos
                0x08001a38       0x7c obj\debug\src\gamefunctions.o
                0x08001a38                updateRocketPos
 .text.updateBombPos
                0x08001ab4       0x7c obj\debug\src\gamefunctions.o
                0x08001ab4                updateBombPos
 .text.moveRocket
                0x08001b30       0x24 obj\debug\src\gamefunctions.o
                0x08001b30                moveRocket
 .text.moveBomb
                0x08001b54       0x24 obj\debug\src\gamefunctions.o
                0x08001b54                moveBomb
 .text.updateShippositionRight
                0x08001b78       0x28 obj\debug\src\gamefunctions.o
                0x08001b78                updateShippositionRight
 .text.updateShippositionLeft
                0x08001ba0       0x28 obj\debug\src\gamefunctions.o
                0x08001ba0                updateShippositionLeft
 .text.updateShippositionDown
                0x08001bc8       0x28 obj\debug\src\gamefunctions.o
                0x08001bc8                updateShippositionDown
 .text.updateShippositionUp
                0x08001bf0       0x28 obj\debug\src\gamefunctions.o
                0x08001bf0                updateShippositionUp
 .text.joystick_setup
                0x08001c18       0xa8 obj\debug\src\joystick.o
                0x08001c18                joystick_setup
 .text.LED_setup
                0x08001cc0      0x140 obj\debug\src\led_control.o
                0x08001cc0                LED_setup
 .text.setup    0x08001e00       0x24 obj\debug\src\main.o
                0x08001e00                setup
 .text.main     0x08001e24       0xd4 obj\debug\src\main.o
                0x08001e24                main
 .text.menu_init
                0x08001ef8      0x3c4 obj\debug\src\menu.o
                0x08001ef8                menu_init
 .text.how_to_screen
                0x080022bc       0x78 obj\debug\src\menu.o
                0x080022bc                how_to_screen
 .text.settings_screen
                0x08002334       0x78 obj\debug\src\menu.o
                0x08002334                settings_screen
 .text.high_score
                0x080023ac       0x78 obj\debug\src\menu.o
                0x080023ac                high_score
 .text.start_game
                0x08002424      0x12c obj\debug\src\menu.o
                0x08002424                start_game
 .text.menu_selection
                0x08002550      0x1e4 obj\debug\src\menu.o
                0x08002550                menu_selection
 .text.keyboard_read
                0x08002734      0x1cc obj\debug\src\serial_com.o
                0x08002734                keyboard_read
 .text          0x08002900       0xe4 obj\debug\src\startup_stm32f30x.o
                0x08002900                Reset_Handler
                0x08002946                NMI_Handler
                0x08002948                HardFault_Handler
                0x0800294a                MemManage_Handler
                0x0800294c                BusFault_Handler
                0x0800294e                UsageFault_Handler
                0x08002950                SVC_Handler
                0x08002952                DebugMon_Handler
                0x08002954                PendSV_Handler
                0x08002956                SysTick_Handler
                0x08002958                WWDG_IRQHandler
                0x0800295a                PVD_IRQHandler
                0x0800295c                TAMPER_STAMP_IRQHandler
                0x0800295e                RTC_WKUP_IRQHandler
                0x08002960                FLASH_IRQHandler
                0x08002962                RCC_IRQHandler
                0x08002964                EXTI0_IRQHandler
                0x08002966                EXTI1_IRQHandler
                0x08002968                EXTI2_TS_IRQHandler
                0x0800296a                EXTI3_IRQHandler
                0x0800296c                EXTI4_IRQHandler
                0x0800296e                DMA1_Channel1_IRQHandler
                0x08002970                DMA1_Channel2_IRQHandler
                0x08002972                DMA1_Channel3_IRQHandler
                0x08002974                DMA1_Channel4_IRQHandler
                0x08002976                DMA1_Channel5_IRQHandler
                0x08002978                DMA1_Channel6_IRQHandler
                0x0800297a                DMA1_Channel7_IRQHandler
                0x0800297c                ADC1_2_IRQHandler
                0x0800297e                USB_HP_CAN1_TX_IRQHandler
                0x08002980                USB_LP_CAN1_RX0_IRQHandler
                0x08002982                CAN1_RX1_IRQHandler
                0x08002984                CAN1_SCE_IRQHandler
                0x08002986                EXTI9_5_IRQHandler
                0x08002988                TIM1_BRK_TIM15_IRQHandler
                0x0800298a                TIM1_UP_TIM16_IRQHandler
                0x0800298c                TIM1_TRG_COM_TIM17_IRQHandler
                0x0800298e                TIM1_CC_IRQHandler
                0x08002992                TIM3_IRQHandler
                0x08002994                TIM4_IRQHandler
                0x08002996                I2C1_EV_IRQHandler
                0x08002998                I2C1_ER_IRQHandler
                0x0800299a                I2C2_EV_IRQHandler
                0x0800299c                I2C2_ER_IRQHandler
                0x0800299e                SPI1_IRQHandler
                0x080029a0                SPI2_IRQHandler
                0x080029a2                USART1_IRQHandler
                0x080029a6                USART3_IRQHandler
                0x080029a8                EXTI15_10_IRQHandler
                0x080029aa                RTC_Alarm_IRQHandler
                0x080029ac                USBWakeUp_IRQHandler
                0x080029ae                TIM8_BRK_IRQHandler
                0x080029b0                TIM8_UP_IRQHandler
                0x080029b2                TIM8_TRG_COM_IRQHandler
                0x080029b4                TIM8_CC_IRQHandler
                0x080029b6                ADC3_IRQHandler
                0x080029b8                SPI3_IRQHandler
                0x080029ba                UART4_IRQHandler
                0x080029bc                UART5_IRQHandler
                0x080029be                TIM6_DAC_IRQHandler
                0x080029c0                TIM7_IRQHandler
                0x080029c2                DMA2_Channel1_IRQHandler
                0x080029c4                DMA2_Channel2_IRQHandler
                0x080029c6                DMA2_Channel3_IRQHandler
                0x080029c8                DMA2_Channel4_IRQHandler
                0x080029ca                DMA2_Channel5_IRQHandler
                0x080029cc                ADC4_IRQHandler
                0x080029ce                COMP1_2_3_IRQHandler
                0x080029d0                COMP4_5_6_IRQHandler
                0x080029d2                COMP7_IRQHandler
                0x080029d4                USB_HP_IRQHandler
                0x080029d6                USB_LP_IRQHandler
                0x080029d8                USBWakeUp_RMP_IRQHandler
                0x080029da                FPU_IRQHandler
 .text.SystemInit
                0x080029e4       0x84 obj\debug\src\system_stm32f30x.o
                0x080029e4                SystemInit
 .text.SetSysClock
                0x08002a68       0x90 obj\debug\src\system_stm32f30x.o
 .text.NVIC_EnableIRQ
                0x08002af8       0x30 obj\debug\src\timer.o
 .text.NVIC_SetPriority
                0x08002b28       0x54 obj\debug\src\timer.o
 .text.timer_setup
                0x08002b7c       0x88 obj\debug\src\timer.o
                0x08002b7c                timer_setup
 .text.start_timer
                0x08002c04       0x20 obj\debug\src\timer.o
                0x08002c04                start_timer
 .text.stop_timer
                0x08002c24       0x20 obj\debug\src\timer.o
                0x08002c24                stop_timer
 .text.TIM2_IRQHandler
                0x08002c44       0xc4 obj\debug\src\timer.o
                0x08002c44                TIM2_IRQHandler
 .text.get_flag
                0x08002d08       0x18 obj\debug\src\timer.o
                0x08002d08                get_flag
 .text.get_anim
                0x08002d20       0x24 obj\debug\src\timer.o
                0x08002d20                get_anim
 .text.set_lvl  0x08002d44       0x20 obj\debug\src\timer.o
                0x08002d44                set_lvl
 .text.exit     0x08002d64       0x28 c:/program files (x86)/embitz/1.11/share/em_armgcc/bin/../lib/gcc/arm-none-eabi/5.4.1/../../../../arm-none-eabi/lib/armv7e-m\libg_n.a(lib_a-exit.o)
                0x08002d64                exit
 .text.__libc_init_array
                0x08002d8c       0x4c c:/program files (x86)/embitz/1.11/share/em_armgcc/bin/../lib/gcc/arm-none-eabi/5.4.1/../../../../arm-none-eabi/lib/armv7e-m\libg_n.a(lib_a-init.o)
                0x08002d8c                __libc_init_array
 .text.memset   0x08002dd8       0x10 c:/program files (x86)/embitz/1.11/share/em_armgcc/bin/../lib/gcc/arm-none-eabi/5.4.1/../../../../arm-none-eabi/lib/armv7e-m\libg_n.a(lib_a-memset.o)
                0x08002dd8                memset
 .text.printf   0x08002de8       0x30 c:/program files (x86)/embitz/1.11/share/em_armgcc/bin/../lib/gcc/arm-none-eabi/5.4.1/../../../../arm-none-eabi/lib/armv7e-m\libg_n.a(lib_a-printf.o)
                0x08002de8                iprintf
                0x08002de8                printf
 .text.putchar  0x08002e18       0x28 c:/program files (x86)/embitz/1.11/share/em_armgcc/bin/../lib/gcc/arm-none-eabi/5.4.1/../../../../arm-none-eabi/lib/armv7e-m\libg_n.a(lib_a-putchar.o)
                0x08002e18                putchar
 .text.rand     0x08002e40       0x74 c:/program files (x86)/embitz/1.11/share/em_armgcc/bin/../lib/gcc/arm-none-eabi/5.4.1/../../../../arm-none-eabi/lib/armv7e-m\libg_n.a(lib_a-rand.o)
                0x08002e40                rand
 .text.setbuf   0x08002eb4       0x10 c:/program files (x86)/embitz/1.11/share/em_armgcc/bin/../lib/gcc/arm-none-eabi/5.4.1/../../../../arm-none-eabi/lib/armv7e-m\libg_n.a(lib_a-setbuf.o)
                0x08002eb4                setbuf
 .text.setvbuf  0x08002ec4      0x154 c:/program files (x86)/embitz/1.11/share/em_armgcc/bin/../lib/gcc/arm-none-eabi/5.4.1/../../../../arm-none-eabi/lib/armv7e-m\libg_n.a(lib_a-setvbuf.o)
                0x08002ec4                setvbuf
 .text.__sflush_r
                0x08003018      0x110 c:/program files (x86)/embitz/1.11/share/em_armgcc/bin/../lib/gcc/arm-none-eabi/5.4.1/../../../../arm-none-eabi/lib/armv7e-m\libg_n.a(lib_a-fflush.o)
                0x08003018                __sflush_r
 .text._fflush_r
                0x08003128       0x54 c:/program files (x86)/embitz/1.11/share/em_armgcc/bin/../lib/gcc/arm-none-eabi/5.4.1/../../../../arm-none-eabi/lib/armv7e-m\libg_n.a(lib_a-fflush.o)
                0x08003128                _fflush_r
 .text._cleanup_r
                0x0800317c        0xc c:/program files (x86)/embitz/1.11/share/em_armgcc/bin/../lib/gcc/arm-none-eabi/5.4.1/../../../../arm-none-eabi/lib/armv7e-m\libg_n.a(lib_a-findfp.o)
                0x0800317c                _cleanup_r
 .text.std.isra.0
                0x08003188       0x48 c:/program files (x86)/embitz/1.11/share/em_armgcc/bin/../lib/gcc/arm-none-eabi/5.4.1/../../../../arm-none-eabi/lib/armv7e-m\libg_n.a(lib_a-findfp.o)
 .text.__sfmoreglue
                0x080031d0       0x2c c:/program files (x86)/embitz/1.11/share/em_armgcc/bin/../lib/gcc/arm-none-eabi/5.4.1/../../../../arm-none-eabi/lib/armv7e-m\libg_n.a(lib_a-findfp.o)
                0x080031d0                __sfmoreglue
 .text.__sinit  0x080031fc       0x60 c:/program files (x86)/embitz/1.11/share/em_armgcc/bin/../lib/gcc/arm-none-eabi/5.4.1/../../../../arm-none-eabi/lib/armv7e-m\libg_n.a(lib_a-findfp.o)
                0x080031fc                __sinit
 .text.__sfp    0x0800325c       0x78 c:/program files (x86)/embitz/1.11/share/em_armgcc/bin/../lib/gcc/arm-none-eabi/5.4.1/../../../../arm-none-eabi/lib/armv7e-m\libg_n.a(lib_a-findfp.o)
                0x0800325c                __sfp
 .text._fwalk_reent
                0x080032d4       0x3c c:/program files (x86)/embitz/1.11/share/em_armgcc/bin/../lib/gcc/arm-none-eabi/5.4.1/../../../../arm-none-eabi/lib/armv7e-m\libg_n.a(lib_a-fwalk.o)
                0x080032d4                _fwalk_reent
 .text.__swhatbuf_r
                0x08003310       0x46 c:/program files (x86)/embitz/1.11/share/em_armgcc/bin/../lib/gcc/arm-none-eabi/5.4.1/../../../../arm-none-eabi/lib/armv7e-m\libg_n.a(lib_a-makebuf.o)
                0x08003310                __swhatbuf_r
 *fill*         0x08003356        0x2 
 .text.__smakebuf_r
                0x08003358       0x78 c:/program files (x86)/embitz/1.11/share/em_armgcc/bin/../lib/gcc/arm-none-eabi/5.4.1/../../../../arm-none-eabi/lib/armv7e-m\libg_n.a(lib_a-makebuf.o)
                0x08003358                __smakebuf_r
 .text.malloc   0x080033d0       0x10 c:/program files (x86)/embitz/1.11/share/em_armgcc/bin/../lib/gcc/arm-none-eabi/5.4.1/../../../../arm-none-eabi/lib/armv7e-m\libg_n.a(lib_a-malloc.o)
                0x080033d0                malloc
 .text._free_r  0x080033e0       0x9c c:/program files (x86)/embitz/1.11/share/em_armgcc/bin/../lib/gcc/arm-none-eabi/5.4.1/../../../../arm-none-eabi/lib/armv7e-m\libg_n.a(lib_a-nano-freer.o)
                0x080033e0                _free_r
 .text._malloc_r
                0x0800347c       0xbc c:/program files (x86)/embitz/1.11/share/em_armgcc/bin/../lib/gcc/arm-none-eabi/5.4.1/../../../../arm-none-eabi/lib/armv7e-m\libg_n.a(lib_a-nano-mallocr.o)
                0x0800347c                _malloc_r
 .text.__sfputc_r
                0x08003538       0x2c c:/program files (x86)/embitz/1.11/share/em_armgcc/bin/../lib/gcc/arm-none-eabi/5.4.1/../../../../arm-none-eabi/lib/armv7e-m\libg_n.a(lib_a-nano-vfprintf.o)
 .text.__sfputs_r
                0x08003564       0x24 c:/program files (x86)/embitz/1.11/share/em_armgcc/bin/../lib/gcc/arm-none-eabi/5.4.1/../../../../arm-none-eabi/lib/armv7e-m\libg_n.a(lib_a-nano-vfprintf.o)
                0x08003564                __sfputs_r
 .text._vfprintf_r
                0x08003588      0x238 c:/program files (x86)/embitz/1.11/share/em_armgcc/bin/../lib/gcc/arm-none-eabi/5.4.1/../../../../arm-none-eabi/lib/armv7e-m\libg_n.a(lib_a-nano-vfprintf.o)
                0x08003588                _vfprintf_r
                0x08003588                _vfiprintf_r
 .text._printf_common
                0x080037c0       0xec c:/program files (x86)/embitz/1.11/share/em_armgcc/bin/../lib/gcc/arm-none-eabi/5.4.1/../../../../arm-none-eabi/lib/armv7e-m\libg_n.a(lib_a-nano-vfprintf_i.o)
                0x080037c0                _printf_common
 .text._printf_i
                0x080038ac      0x24c c:/program files (x86)/embitz/1.11/share/em_armgcc/bin/../lib/gcc/arm-none-eabi/5.4.1/../../../../arm-none-eabi/lib/armv7e-m\libg_n.a(lib_a-nano-vfprintf_i.o)
                0x080038ac                _printf_i
 .text._putc_r  0x08003af8       0x6c c:/program files (x86)/embitz/1.11/share/em_armgcc/bin/../lib/gcc/arm-none-eabi/5.4.1/../../../../arm-none-eabi/lib/armv7e-m\libg_n.a(lib_a-putc.o)
                0x08003af8                _putc_r
 .text._sbrk_r  0x08003b64       0x20 c:/program files (x86)/embitz/1.11/share/em_armgcc/bin/../lib/gcc/arm-none-eabi/5.4.1/../../../../arm-none-eabi/lib/armv7e-m\libg_n.a(lib_a-sbrkr.o)
                0x08003b64                _sbrk_r
 .text.__sread  0x08003b84       0x22 c:/program files (x86)/embitz/1.11/share/em_armgcc/bin/../lib/gcc/arm-none-eabi/5.4.1/../../../../arm-none-eabi/lib/armv7e-m\libg_n.a(lib_a-stdio.o)
                0x08003b84                __sread
 .text.__swrite
                0x08003ba6       0x38 c:/program files (x86)/embitz/1.11/share/em_armgcc/bin/../lib/gcc/arm-none-eabi/5.4.1/../../../../arm-none-eabi/lib/armv7e-m\libg_n.a(lib_a-stdio.o)
                0x08003ba6                __swrite
 .text.__sseek  0x08003bde       0x24 c:/program files (x86)/embitz/1.11/share/em_armgcc/bin/../lib/gcc/arm-none-eabi/5.4.1/../../../../arm-none-eabi/lib/armv7e-m\libg_n.a(lib_a-stdio.o)
                0x08003bde                __sseek
 .text.__sclose
                0x08003c02        0x8 c:/program files (x86)/embitz/1.11/share/em_armgcc/bin/../lib/gcc/arm-none-eabi/5.4.1/../../../../arm-none-eabi/lib/armv7e-m\libg_n.a(lib_a-stdio.o)
                0x08003c02                __sclose
 *fill*         0x08003c0a        0x2 
 .text.__swbuf_r
                0x08003c0c       0xa8 c:/program files (x86)/embitz/1.11/share/em_armgcc/bin/../lib/gcc/arm-none-eabi/5.4.1/../../../../arm-none-eabi/lib/armv7e-m\libg_n.a(lib_a-wbuf.o)
                0x08003c0c                __swbuf_r
 .text.__swsetup_r
                0x08003cb4       0xdc c:/program files (x86)/embitz/1.11/share/em_armgcc/bin/../lib/gcc/arm-none-eabi/5.4.1/../../../../arm-none-eabi/lib/armv7e-m\libg_n.a(lib_a-wsetup.o)
                0x08003cb4                __swsetup_r
 .text._close_r
                0x08003d90       0x20 c:/program files (x86)/embitz/1.11/share/em_armgcc/bin/../lib/gcc/arm-none-eabi/5.4.1/../../../../arm-none-eabi/lib/armv7e-m\libg_n.a(lib_a-closer.o)
                0x08003d90                _close_r
 .text._fstat_r
                0x08003db0       0x24 c:/program files (x86)/embitz/1.11/share/em_armgcc/bin/../lib/gcc/arm-none-eabi/5.4.1/../../../../arm-none-eabi/lib/armv7e-m\libg_n.a(lib_a-fstatr.o)
                0x08003db0                _fstat_r
 .text._isatty_r
                0x08003dd4       0x20 c:/program files (x86)/embitz/1.11/share/em_armgcc/bin/../lib/gcc/arm-none-eabi/5.4.1/../../../../arm-none-eabi/lib/armv7e-m\libg_n.a(lib_a-isattyr.o)
                0x08003dd4                _isatty_r
 .text._lseek_r
                0x08003df4       0x24 c:/program files (x86)/embitz/1.11/share/em_armgcc/bin/../lib/gcc/arm-none-eabi/5.4.1/../../../../arm-none-eabi/lib/armv7e-m\libg_n.a(lib_a-lseekr.o)
                0x08003df4                _lseek_r
 *fill*         0x08003e18        0x8 
 .text          0x08003e20       0xa0 c:/program files (x86)/embitz/1.11/share/em_armgcc/bin/../lib/gcc/arm-none-eabi/5.4.1/../../../../arm-none-eabi/lib/armv7e-m\libg_n.a(lib_a-memchr.o)
                0x08003e20                memchr
 .text.__malloc_lock
                0x08003ec0        0x2 c:/program files (x86)/embitz/1.11/share/em_armgcc/bin/../lib/gcc/arm-none-eabi/5.4.1/../../../../arm-none-eabi/lib/armv7e-m\libg_n.a(lib_a-mlock.o)
                0x08003ec0                __malloc_lock
 .text.__malloc_unlock
                0x08003ec2        0x2 c:/program files (x86)/embitz/1.11/share/em_armgcc/bin/../lib/gcc/arm-none-eabi/5.4.1/../../../../arm-none-eabi/lib/armv7e-m\libg_n.a(lib_a-mlock.o)
                0x08003ec2                __malloc_unlock
 .text._read_r  0x08003ec4       0x24 c:/program files (x86)/embitz/1.11/share/em_armgcc/bin/../lib/gcc/arm-none-eabi/5.4.1/../../../../arm-none-eabi/lib/armv7e-m\libg_n.a(lib_a-readr.o)
                0x08003ec4                _read_r
 .text._close   0x08003ee8       0x10 c:/program files (x86)/embitz/1.11/share/em_armgcc/bin/../lib/gcc/arm-none-eabi/5.4.1/../../../../arm-none-eabi/lib/armv7e-m\libnosys_s.a(close.o)
                0x08003ee8                _close
 .text._fstat   0x08003ef8       0x10 c:/program files (x86)/embitz/1.11/share/em_armgcc/bin/../lib/gcc/arm-none-eabi/5.4.1/../../../../arm-none-eabi/lib/armv7e-m\libnosys_s.a(fstat.o)
                0x08003ef8                _fstat
 .text._isatty  0x08003f08       0x10 c:/program files (x86)/embitz/1.11/share/em_armgcc/bin/../lib/gcc/arm-none-eabi/5.4.1/../../../../arm-none-eabi/lib/armv7e-m\libnosys_s.a(isatty.o)
                0x08003f08                _isatty
 .text._lseek   0x08003f18       0x10 c:/program files (x86)/embitz/1.11/share/em_armgcc/bin/../lib/gcc/arm-none-eabi/5.4.1/../../../../arm-none-eabi/lib/armv7e-m\libnosys_s.a(lseek.o)
                0x08003f18                _lseek
 .text._read    0x08003f28       0x10 c:/program files (x86)/embitz/1.11/share/em_armgcc/bin/../lib/gcc/arm-none-eabi/5.4.1/../../../../arm-none-eabi/lib/armv7e-m\libnosys_s.a(read.o)
                0x08003f28                _read
 .text._sbrk    0x08003f38       0x1c c:/program files (x86)/embitz/1.11/share/em_armgcc/bin/../lib/gcc/arm-none-eabi/5.4.1/../../../../arm-none-eabi/lib/armv7e-m\libnosys_s.a(sbrk.o)
                0x08003f38                _sbrk
 .text._exit    0x08003f54        0x2 c:/program files (x86)/embitz/1.11/share/em_armgcc/bin/../lib/gcc/arm-none-eabi/5.4.1/../../../../arm-none-eabi/lib/armv7e-m\libnosys_s.a(_exit.o)
                0x08003f54                _exit
 *(.init)
 *fill*         0x08003f56        0x2 
 .init          0x08003f58        0x4 c:/program files (x86)/embitz/1.11/share/em_armgcc/bin/../lib/gcc/arm-none-eabi/5.4.1/armv7e-m/crti.o
                0x08003f58                _init
 .init          0x08003f5c        0x8 c:/program files (x86)/embitz/1.11/share/em_armgcc/bin/../lib/gcc/arm-none-eabi/5.4.1/armv7e-m/crtn.o
 *(.fini)
 .fini          0x08003f64        0x4 c:/program files (x86)/embitz/1.11/share/em_armgcc/bin/../lib/gcc/arm-none-eabi/5.4.1/armv7e-m/crti.o
                0x08003f64                _fini
 .fini          0x08003f68        0x8 c:/program files (x86)/embitz/1.11/share/em_armgcc/bin/../lib/gcc/arm-none-eabi/5.4.1/armv7e-m/crtn.o
 *crtbegin.o(.ctors)
 *crtbegin?.o(.ctors)
 *(EXCLUDE_FILE(*crtend.o *crtend?.o) .ctors)
 *(SORT(.ctors.*))
 *(.ctors)
 *crtbegin.o(.dtors)
 *crtbegin?.o(.dtors)
 *(EXCLUDE_FILE(*crtend.o *crtend?.o) .dtors)
 *(SORT(.dtors.*))
 *(.dtors)
 *(.rodata*)
 .rodata        0x08003f70       0x60 obj\debug\src\alien.o
 .rodata        0x08003fd0       0x5b obj\debug\src\ansi.o
 *fill*         0x0800402b        0x1 
 .rodata        0x0800402c     0x1187 obj\debug\src\menu.o
 .rodata.str1.1
                0x080051b3        0x2 c:/program files (x86)/embitz/1.11/share/em_armgcc/bin/../lib/gcc/arm-none-eabi/5.4.1/../../../../arm-none-eabi/lib/armv7e-m\libg_n.a(lib_a-impure.o)
 *fill*         0x080051b5        0x3 
 .rodata._global_impure_ptr
                0x080051b8        0x4 c:/program files (x86)/embitz/1.11/share/em_armgcc/bin/../lib/gcc/arm-none-eabi/5.4.1/../../../../arm-none-eabi/lib/armv7e-m\libg_n.a(lib_a-impure.o)
                0x080051b8                _global_impure_ptr
 .rodata.__sf_fake_stdin
                0x080051bc       0x20 c:/program files (x86)/embitz/1.11/share/em_armgcc/bin/../lib/gcc/arm-none-eabi/5.4.1/../../../../arm-none-eabi/lib/armv7e-m\libg_n.a(lib_a-findfp.o)
                0x080051bc                __sf_fake_stdin
 .rodata.__sf_fake_stdout
                0x080051dc       0x20 c:/program files (x86)/embitz/1.11/share/em_armgcc/bin/../lib/gcc/arm-none-eabi/5.4.1/../../../../arm-none-eabi/lib/armv7e-m\libg_n.a(lib_a-findfp.o)
                0x080051dc                __sf_fake_stdout
 .rodata.__sf_fake_stderr
                0x080051fc       0x20 c:/program files (x86)/embitz/1.11/share/em_armgcc/bin/../lib/gcc/arm-none-eabi/5.4.1/../../../../arm-none-eabi/lib/armv7e-m\libg_n.a(lib_a-findfp.o)
                0x080051fc                __sf_fake_stderr
 .rodata.str1.1
                0x0800521c       0x11 c:/program files (x86)/embitz/1.11/share/em_armgcc/bin/../lib/gcc/arm-none-eabi/5.4.1/../../../../arm-none-eabi/lib/armv7e-m\libg_n.a(lib_a-nano-vfprintf.o)
 .rodata.str1.1
                0x0800522d       0x22 c:/program files (x86)/embitz/1.11/share/em_armgcc/bin/../lib/gcc/arm-none-eabi/5.4.1/../../../../arm-none-eabi/lib/armv7e-m\libg_n.a(lib_a-nano-vfprintf_i.o)
 *(.eh_frame*)
 *fill*         0x0800524f        0x1 
 .eh_frame      0x08005250        0x0 c:/program files (x86)/embitz/1.11/share/em_armgcc/bin/../lib/gcc/arm-none-eabi/5.4.1/armv7e-m/crtbegin.o
 .eh_frame      0x08005250        0x4 c:/program files (x86)/embitz/1.11/share/em_armgcc/bin/../lib/gcc/arm-none-eabi/5.4.1/armv7e-m/crtend.o

.glue_7         0x08005254        0x0
 .glue_7        0x08005254        0x0 linker stubs

.glue_7t        0x08005254        0x0
 .glue_7t       0x08005254        0x0 linker stubs

.vfp11_veneer   0x08005254        0x0
 .vfp11_veneer  0x08005254        0x0 linker stubs

.v4_bx          0x08005254        0x0
 .v4_bx         0x08005254        0x0 linker stubs

.iplt           0x08005254        0x0
 .iplt          0x08005254        0x0 c:/program files (x86)/embitz/1.11/share/em_armgcc/bin/../lib/gcc/arm-none-eabi/5.4.1/armv7e-m/crtbegin.o

.ARM.extab
 *(.ARM.extab* .gnu.linkonce.armextab.*)
                0x08005254                __exidx_start = .

.ARM.exidx      0x08005254        0x8
 *(.ARM.exidx* .gnu.linkonce.armexidx.*)
 .ARM.exidx     0x08005254        0x8 c:/program files (x86)/embitz/1.11/share/em_armgcc/bin/../lib/gcc/arm-none-eabi/5.4.1/../../../../arm-none-eabi/lib/armv7e-m/crt0.o
                0x0800525c                __exidx_end = .
                0x0800525c                __etext = .

.rel.dyn        0x0800525c        0x0
 .rel.iplt      0x0800525c        0x0 c:/program files (x86)/embitz/1.11/share/em_armgcc/bin/../lib/gcc/arm-none-eabi/5.4.1/armv7e-m/crtbegin.o

.data           0x20000000       0x98 load address 0x0800525c
                0x20000000                __data_start__ = .
 *(vtable)
 *(.data*)
 .data.APBAHBPrescTable
                0x20000000       0x10 obj\debug\spl\src\stm32f30x_rcc.o
 .data.ADCPrescTable
                0x20000010       0x1a obj\debug\spl\src\stm32f30x_rcc.o
 *fill*         0x2000002a        0x2 
 .data.impure_data
                0x2000002c       0x60 c:/program files (x86)/embitz/1.11/share/em_armgcc/bin/../lib/gcc/arm-none-eabi/5.4.1/../../../../arm-none-eabi/lib/armv7e-m\libg_n.a(lib_a-impure.o)
 .data._impure_ptr
                0x2000008c        0x4 c:/program files (x86)/embitz/1.11/share/em_armgcc/bin/../lib/gcc/arm-none-eabi/5.4.1/../../../../arm-none-eabi/lib/armv7e-m\libg_n.a(lib_a-impure.o)
                0x2000008c                _impure_ptr
                0x20000090                . = ALIGN (0x4)
                0x20000090                PROVIDE (__preinit_array_start, .)
 *(.preinit_array)
                0x20000090                PROVIDE (__preinit_array_end, .)
                0x20000090                . = ALIGN (0x4)
                0x20000090                PROVIDE (__init_array_start, .)
 *(SORT(.init_array.*))
 *(.init_array)
 .init_array    0x20000090        0x4 c:/program files (x86)/embitz/1.11/share/em_armgcc/bin/../lib/gcc/arm-none-eabi/5.4.1/armv7e-m/crtbegin.o
                0x20000094                PROVIDE (__init_array_end, .)
                0x20000094                . = ALIGN (0x4)
                [!provide]                PROVIDE (__fini_array_start, .)
 *(SORT(.fini_array.*))
 *(.fini_array)
 .fini_array    0x20000094        0x4 c:/program files (x86)/embitz/1.11/share/em_armgcc/bin/../lib/gcc/arm-none-eabi/5.4.1/armv7e-m/crtbegin.o
                [!provide]                PROVIDE (__fini_array_end, .)
                0x20000098                . = ALIGN (0x4)
                0x20000098                __data_end__ = .

.jcr            0x20000098        0x0 load address 0x080052f4
 .jcr           0x20000098        0x0 c:/program files (x86)/embitz/1.11/share/em_armgcc/bin/../lib/gcc/arm-none-eabi/5.4.1/armv7e-m/crtbegin.o

.igot.plt       0x20000098        0x0 load address 0x080052f4
 .igot.plt      0x20000098        0x0 c:/program files (x86)/embitz/1.11/share/em_armgcc/bin/../lib/gcc/arm-none-eabi/5.4.1/armv7e-m/crtbegin.o

.bss            0x20000098      0x150 load address 0x080052f4
                0x20000098                __bss_start__ = .
 *(.bss*)
 .bss           0x20000098       0x1c c:/program files (x86)/embitz/1.11/share/em_armgcc/bin/../lib/gcc/arm-none-eabi/5.4.1/armv7e-m/crtbegin.o
 .bss.UART_BUFFER
                0x200000b4      0x100 obj\debug\src\30010_io.o
                0x200000b4                UART_BUFFER
 .bss.UART_END_IDX
                0x200001b4        0x1 obj\debug\src\30010_io.o
                0x200001b4                UART_END_IDX
 .bss.UART_START_IDX
                0x200001b5        0x1 obj\debug\src\30010_io.o
                0x200001b5                UART_START_IDX
 .bss.UART_COUNT
                0x200001b6        0x1 obj\debug\src\30010_io.o
                0x200001b6                UART_COUNT
 .bss.c_count.8501
                0x200001b7        0x1 obj\debug\src\gamefunctions.o
 .bss.__malloc_sbrk_start
                0x200001b8        0x4 c:/program files (x86)/embitz/1.11/share/em_armgcc/bin/../lib/gcc/arm-none-eabi/5.4.1/../../../../arm-none-eabi/lib/armv7e-m\libg_n.a(lib_a-nano-mallocr.o)
                0x200001b8                __malloc_sbrk_start
 .bss.__malloc_free_list
                0x200001bc        0x4 c:/program files (x86)/embitz/1.11/share/em_armgcc/bin/../lib/gcc/arm-none-eabi/5.4.1/../../../../arm-none-eabi/lib/armv7e-m\libg_n.a(lib_a-nano-mallocr.o)
                0x200001bc                __malloc_free_list
 .bss.heap_end.4167
                0x200001c0        0x4 c:/program files (x86)/embitz/1.11/share/em_armgcc/bin/../lib/gcc/arm-none-eabi/5.4.1/../../../../arm-none-eabi/lib/armv7e-m\libnosys_s.a(sbrk.o)
 *(COMMON)
 COMMON         0x200001c4       0x20 obj\debug\src\timer.o
                0x200001c4                timer
 COMMON         0x200001e4        0x4 c:/program files (x86)/embitz/1.11/share/em_armgcc/bin/../lib/gcc/arm-none-eabi/5.4.1/../../../../arm-none-eabi/lib/armv7e-m\libg_n.a(lib_a-reent.o)
                0x200001e4                errno
                0x200001e8                __bss_end__ = .

.heap           0x200001e8        0x0
                0x200001e8                __end__ = .
                0x200001e8                end = __end__
 *(.heap*)
 .heap          0x200001e8        0x0 obj\debug\src\startup_stm32f30x.o
                0x200001e8                __HeapLimit = .

.stack_dummy    0x200001e8      0x100
 *(.stack)
 .stack         0x200001e8      0x100 obj\debug\src\startup_stm32f30x.o
                0x20004000                __StackTop = (ORIGIN (RAM) + LENGTH (RAM))
                0x20003f00                __StackLimit = (__StackTop - SIZEOF (.stack_dummy))
                0x20004000                PROVIDE (__stack, __StackTop)
                0x00000001                ASSERT ((__StackLimit >= __HeapLimit), region RAM overflowed with stack)
LOAD obj\debug\spl\src\stm32f30x_adc.o
LOAD obj\debug\spl\src\stm32f30x_can.o
LOAD obj\debug\spl\src\stm32f30x_comp.o
LOAD obj\debug\spl\src\stm32f30x_crc.o
LOAD obj\debug\spl\src\stm32f30x_dac.o
LOAD obj\debug\spl\src\stm32f30x_dbgmcu.o
LOAD obj\debug\spl\src\stm32f30x_dma.o
LOAD obj\debug\spl\src\stm32f30x_exti.o
LOAD obj\debug\spl\src\stm32f30x_flash.o
LOAD obj\debug\spl\src\stm32f30x_gpio.o
LOAD obj\debug\spl\src\stm32f30x_i2c.o
LOAD obj\debug\spl\src\stm32f30x_iwdg.o
LOAD obj\debug\spl\src\stm32f30x_misc.o
LOAD obj\debug\spl\src\stm32f30x_opamp.o
LOAD obj\debug\spl\src\stm32f30x_pwr.o
LOAD obj\debug\spl\src\stm32f30x_rcc.o
LOAD obj\debug\spl\src\stm32f30x_rtc.o
LOAD obj\debug\spl\src\stm32f30x_spi.o
LOAD obj\debug\spl\src\stm32f30x_syscfg.o
LOAD obj\debug\spl\src\stm32f30x_tim.o
LOAD obj\debug\spl\src\stm32f30x_usart.o
LOAD obj\debug\spl\src\stm32f30x_wwdg.o
LOAD obj\debug\src\30010_io.o
LOAD obj\debug\src\alien.o
LOAD obj\debug\src\ansi.o
LOAD obj\debug\src\asteroid.o
LOAD obj\debug\src\charset.o
LOAD obj\debug\src\gamefunctions.o
LOAD obj\debug\src\joystick.o
LOAD obj\debug\src\led_control.o
LOAD obj\debug\src\main.o
LOAD obj\debug\src\menu.o
LOAD obj\debug\src\serial_com.o
LOAD obj\debug\src\startup_stm32f30x.o
LOAD obj\debug\src\system_stm32f30x.o
LOAD obj\debug\src\timer.o
START GROUP
LOAD c:/program files (x86)/embitz/1.11/share/em_armgcc/bin/../lib/gcc/arm-none-eabi/5.4.1/armv7e-m\libgcc.a
LOAD c:/program files (x86)/embitz/1.11/share/em_armgcc/bin/../lib/gcc/arm-none-eabi/5.4.1/../../../../arm-none-eabi/lib/armv7e-m\libg_n.a
LOAD c:/program files (x86)/embitz/1.11/share/em_armgcc/bin/../lib/gcc/arm-none-eabi/5.4.1/../../../../arm-none-eabi/lib/armv7e-m\libc_n.a
END GROUP
START GROUP
LOAD c:/program files (x86)/embitz/1.11/share/em_armgcc/bin/../lib/gcc/arm-none-eabi/5.4.1/armv7e-m\libgcc.a
LOAD c:/program files (x86)/embitz/1.11/share/em_armgcc/bin/../lib/gcc/arm-none-eabi/5.4.1/../../../../arm-none-eabi/lib/armv7e-m\libc_n.a
LOAD c:/program files (x86)/embitz/1.11/share/em_armgcc/bin/../lib/gcc/arm-none-eabi/5.4.1/../../../../arm-none-eabi/lib/armv7e-m\libnosys_s.a
END GROUP
LOAD c:/program files (x86)/embitz/1.11/share/em_armgcc/bin/../lib/gcc/arm-none-eabi/5.4.1/armv7e-m/crtend.o
LOAD c:/program files (x86)/embitz/1.11/share/em_armgcc/bin/../lib/gcc/arm-none-eabi/5.4.1/armv7e-m/crtn.o
OUTPUT(bin\Debug\Exercise_5.elf elf32-littlearm)

.ARM.attributes
                0x00000000       0x2a
 .ARM.attributes
                0x00000000       0x1e c:/program files (x86)/embitz/1.11/share/em_armgcc/bin/../lib/gcc/arm-none-eabi/5.4.1/armv7e-m/crti.o
 .ARM.attributes
                0x0000001e       0x2e c:/program files (x86)/embitz/1.11/share/em_armgcc/bin/../lib/gcc/arm-none-eabi/5.4.1/armv7e-m/crtbegin.o
 .ARM.attributes
                0x0000004c       0x1c c:/program files (x86)/embitz/1.11/share/em_armgcc/bin/../lib/gcc/arm-none-eabi/5.4.1/../../../../arm-none-eabi/lib/armv7e-m/crt0.o
 .ARM.attributes
                0x00000068       0x33 obj\debug\spl\src\stm32f30x_rcc.o
 .ARM.attributes
                0x0000009b       0x33 obj\debug\spl\src\stm32f30x_usart.o
 .ARM.attributes
                0x000000ce       0x33 obj\debug\src\30010_io.o
 .ARM.attributes
                0x00000101       0x33 obj\debug\src\alien.o
 .ARM.attributes
                0x00000134       0x33 obj\debug\src\ansi.o
 .ARM.attributes
                0x00000167       0x33 obj\debug\src\gamefunctions.o
 .ARM.attributes
                0x0000019a       0x33 obj\debug\src\joystick.o
 .ARM.attributes
                0x000001cd       0x33 obj\debug\src\led_control.o
 .ARM.attributes
                0x00000200       0x33 obj\debug\src\main.o
 .ARM.attributes
                0x00000233       0x33 obj\debug\src\menu.o
 .ARM.attributes
                0x00000266       0x33 obj\debug\src\serial_com.o
 .ARM.attributes
                0x00000299       0x1b obj\debug\src\startup_stm32f30x.o
 .ARM.attributes
                0x000002b4       0x33 obj\debug\src\system_stm32f30x.o
 .ARM.attributes
                0x000002e7       0x33 obj\debug\src\timer.o
 .ARM.attributes
                0x0000031a       0x2e c:/program files (x86)/embitz/1.11/share/em_armgcc/bin/../lib/gcc/arm-none-eabi/5.4.1/../../../../arm-none-eabi/lib/armv7e-m\libg_n.a(lib_a-exit.o)
 .ARM.attributes
                0x00000348       0x2e c:/program files (x86)/embitz/1.11/share/em_armgcc/bin/../lib/gcc/arm-none-eabi/5.4.1/../../../../arm-none-eabi/lib/armv7e-m\libg_n.a(lib_a-impure.o)
 .ARM.attributes
                0x00000376       0x2e c:/program files (x86)/embitz/1.11/share/em_armgcc/bin/../lib/gcc/arm-none-eabi/5.4.1/../../../../arm-none-eabi/lib/armv7e-m\libg_n.a(lib_a-init.o)
 .ARM.attributes
                0x000003a4       0x2e c:/program files (x86)/embitz/1.11/share/em_armgcc/bin/../lib/gcc/arm-none-eabi/5.4.1/../../../../arm-none-eabi/lib/armv7e-m\libg_n.a(lib_a-memset.o)
 .ARM.attributes
                0x000003d2       0x2e c:/program files (x86)/embitz/1.11/share/em_armgcc/bin/../lib/gcc/arm-none-eabi/5.4.1/../../../../arm-none-eabi/lib/armv7e-m\libg_n.a(lib_a-printf.o)
 .ARM.attributes
                0x00000400       0x2e c:/program files (x86)/embitz/1.11/share/em_armgcc/bin/../lib/gcc/arm-none-eabi/5.4.1/../../../../arm-none-eabi/lib/armv7e-m\libg_n.a(lib_a-putchar.o)
 .ARM.attributes
                0x0000042e       0x2e c:/program files (x86)/embitz/1.11/share/em_armgcc/bin/../lib/gcc/arm-none-eabi/5.4.1/../../../../arm-none-eabi/lib/armv7e-m\libg_n.a(lib_a-rand.o)
 .ARM.attributes
                0x0000045c       0x2e c:/program files (x86)/embitz/1.11/share/em_armgcc/bin/../lib/gcc/arm-none-eabi/5.4.1/../../../../arm-none-eabi/lib/armv7e-m\libg_n.a(lib_a-setbuf.o)
 .ARM.attributes
                0x0000048a       0x2e c:/program files (x86)/embitz/1.11/share/em_armgcc/bin/../lib/gcc/arm-none-eabi/5.4.1/../../../../arm-none-eabi/lib/armv7e-m\libg_n.a(lib_a-setvbuf.o)
 .ARM.attributes
                0x000004b8       0x2e c:/program files (x86)/embitz/1.11/share/em_armgcc/bin/../lib/gcc/arm-none-eabi/5.4.1/../../../../arm-none-eabi/lib/armv7e-m\libg_n.a(lib_a-fflush.o)
 .ARM.attributes
                0x000004e6       0x2e c:/program files (x86)/embitz/1.11/share/em_armgcc/bin/../lib/gcc/arm-none-eabi/5.4.1/../../../../arm-none-eabi/lib/armv7e-m\libg_n.a(lib_a-findfp.o)
 .ARM.attributes
                0x00000514       0x2e c:/program files (x86)/embitz/1.11/share/em_armgcc/bin/../lib/gcc/arm-none-eabi/5.4.1/../../../../arm-none-eabi/lib/armv7e-m\libg_n.a(lib_a-fwalk.o)
 .ARM.attributes
                0x00000542       0x2e c:/program files (x86)/embitz/1.11/share/em_armgcc/bin/../lib/gcc/arm-none-eabi/5.4.1/../../../../arm-none-eabi/lib/armv7e-m\libg_n.a(lib_a-makebuf.o)
 .ARM.attributes
                0x00000570       0x2e c:/program files (x86)/embitz/1.11/share/em_armgcc/bin/../lib/gcc/arm-none-eabi/5.4.1/../../../../arm-none-eabi/lib/armv7e-m\libg_n.a(lib_a-malloc.o)
 .ARM.attributes
                0x0000059e       0x2e c:/program files (x86)/embitz/1.11/share/em_armgcc/bin/../lib/gcc/arm-none-eabi/5.4.1/../../../../arm-none-eabi/lib/armv7e-m\libg_n.a(lib_a-nano-freer.o)
 .ARM.attributes
                0x000005cc       0x2e c:/program files (x86)/embitz/1.11/share/em_armgcc/bin/../lib/gcc/arm-none-eabi/5.4.1/../../../../arm-none-eabi/lib/armv7e-m\libg_n.a(lib_a-nano-mallocr.o)
 .ARM.attributes
                0x000005fa       0x2e c:/program files (x86)/embitz/1.11/share/em_armgcc/bin/../lib/gcc/arm-none-eabi/5.4.1/../../../../arm-none-eabi/lib/armv7e-m\libg_n.a(lib_a-nano-vfprintf.o)
 .ARM.attributes
                0x00000628       0x2e c:/program files (x86)/embitz/1.11/share/em_armgcc/bin/../lib/gcc/arm-none-eabi/5.4.1/../../../../arm-none-eabi/lib/armv7e-m\libg_n.a(lib_a-nano-vfprintf_i.o)
 .ARM.attributes
                0x00000656       0x2e c:/program files (x86)/embitz/1.11/share/em_armgcc/bin/../lib/gcc/arm-none-eabi/5.4.1/../../../../arm-none-eabi/lib/armv7e-m\libg_n.a(lib_a-putc.o)
 .ARM.attributes
                0x00000684       0x2e c:/program files (x86)/embitz/1.11/share/em_armgcc/bin/../lib/gcc/arm-none-eabi/5.4.1/../../../../arm-none-eabi/lib/armv7e-m\libg_n.a(lib_a-sbrkr.o)
 .ARM.attributes
                0x000006b2       0x2e c:/program files (x86)/embitz/1.11/share/em_armgcc/bin/../lib/gcc/arm-none-eabi/5.4.1/../../../../arm-none-eabi/lib/armv7e-m\libg_n.a(lib_a-stdio.o)
 .ARM.attributes
                0x000006e0       0x2e c:/program files (x86)/embitz/1.11/share/em_armgcc/bin/../lib/gcc/arm-none-eabi/5.4.1/../../../../arm-none-eabi/lib/armv7e-m\libg_n.a(lib_a-wbuf.o)
 .ARM.attributes
                0x0000070e       0x2e c:/program files (x86)/embitz/1.11/share/em_armgcc/bin/../lib/gcc/arm-none-eabi/5.4.1/../../../../arm-none-eabi/lib/armv7e-m\libg_n.a(lib_a-wsetup.o)
 .ARM.attributes
                0x0000073c       0x2e c:/program files (x86)/embitz/1.11/share/em_armgcc/bin/../lib/gcc/arm-none-eabi/5.4.1/../../../../arm-none-eabi/lib/armv7e-m\libg_n.a(lib_a-closer.o)
 .ARM.attributes
                0x0000076a       0x2e c:/program files (x86)/embitz/1.11/share/em_armgcc/bin/../lib/gcc/arm-none-eabi/5.4.1/../../../../arm-none-eabi/lib/armv7e-m\libg_n.a(lib_a-fstatr.o)
 .ARM.attributes
                0x00000798       0x2e c:/program files (x86)/embitz/1.11/share/em_armgcc/bin/../lib/gcc/arm-none-eabi/5.4.1/../../../../arm-none-eabi/lib/armv7e-m\libg_n.a(lib_a-isattyr.o)
 .ARM.attributes
                0x000007c6       0x2e c:/program files (x86)/embitz/1.11/share/em_armgcc/bin/../lib/gcc/arm-none-eabi/5.4.1/../../../../arm-none-eabi/lib/armv7e-m\libg_n.a(lib_a-lseekr.o)
 .ARM.attributes
                0x000007f4       0x1c c:/program files (x86)/embitz/1.11/share/em_armgcc/bin/../lib/gcc/arm-none-eabi/5.4.1/../../../../arm-none-eabi/lib/armv7e-m\libg_n.a(lib_a-memchr.o)
 .ARM.attributes
                0x00000810       0x2e c:/program files (x86)/embitz/1.11/share/em_armgcc/bin/../lib/gcc/arm-none-eabi/5.4.1/../../../../arm-none-eabi/lib/armv7e-m\libg_n.a(lib_a-mlock.o)
 .ARM.attributes
                0x0000083e       0x2e c:/program files (x86)/embitz/1.11/share/em_armgcc/bin/../lib/gcc/arm-none-eabi/5.4.1/../../../../arm-none-eabi/lib/armv7e-m\libg_n.a(lib_a-readr.o)
 .ARM.attributes
                0x0000086c       0x2e c:/program files (x86)/embitz/1.11/share/em_armgcc/bin/../lib/gcc/arm-none-eabi/5.4.1/../../../../arm-none-eabi/lib/armv7e-m\libg_n.a(lib_a-reent.o)
 .ARM.attributes
                0x0000089a       0x2e c:/program files (x86)/embitz/1.11/share/em_armgcc/bin/../lib/gcc/arm-none-eabi/5.4.1/../../../../arm-none-eabi/lib/armv7e-m\libnosys_s.a(close.o)
 .ARM.attributes
                0x000008c8       0x2e c:/program files (x86)/embitz/1.11/share/em_armgcc/bin/../lib/gcc/arm-none-eabi/5.4.1/../../../../arm-none-eabi/lib/armv7e-m\libnosys_s.a(fstat.o)
 .ARM.attributes
                0x000008f6       0x2e c:/program files (x86)/embitz/1.11/share/em_armgcc/bin/../lib/gcc/arm-none-eabi/5.4.1/../../../../arm-none-eabi/lib/armv7e-m\libnosys_s.a(isatty.o)
 .ARM.attributes
                0x00000924       0x2e c:/program files (x86)/embitz/1.11/share/em_armgcc/bin/../lib/gcc/arm-none-eabi/5.4.1/../../../../arm-none-eabi/lib/armv7e-m\libnosys_s.a(lseek.o)
 .ARM.attributes
                0x00000952       0x2e c:/program files (x86)/embitz/1.11/share/em_armgcc/bin/../lib/gcc/arm-none-eabi/5.4.1/../../../../arm-none-eabi/lib/armv7e-m\libnosys_s.a(read.o)
 .ARM.attributes
                0x00000980       0x2e c:/program files (x86)/embitz/1.11/share/em_armgcc/bin/../lib/gcc/arm-none-eabi/5.4.1/../../../../arm-none-eabi/lib/armv7e-m\libnosys_s.a(sbrk.o)
 .ARM.attributes
                0x000009ae       0x2e c:/program files (x86)/embitz/1.11/share/em_armgcc/bin/../lib/gcc/arm-none-eabi/5.4.1/../../../../arm-none-eabi/lib/armv7e-m\libnosys_s.a(_exit.o)
 .ARM.attributes
                0x000009dc       0x2e c:/program files (x86)/embitz/1.11/share/em_armgcc/bin/../lib/gcc/arm-none-eabi/5.4.1/armv7e-m/crtend.o
 .ARM.attributes
                0x00000a0a       0x1e c:/program files (x86)/embitz/1.11/share/em_armgcc/bin/../lib/gcc/arm-none-eabi/5.4.1/armv7e-m/crtn.o

.comment        0x00000000       0x6e
 .comment       0x00000000       0x6e obj\debug\spl\src\stm32f30x_rcc.o
                                 0x6f (size before relaxing)
 .comment       0x0000006e       0x6f obj\debug\spl\src\stm32f30x_usart.o
 .comment       0x0000006e       0x6f obj\debug\src\30010_io.o
 .comment       0x0000006e       0x6f obj\debug\src\alien.o
 .comment       0x0000006e       0x6f obj\debug\src\ansi.o
 .comment       0x0000006e       0x6f obj\debug\src\gamefunctions.o
 .comment       0x0000006e       0x6f obj\debug\src\joystick.o
 .comment       0x0000006e       0x6f obj\debug\src\led_control.o
 .comment       0x0000006e       0x6f obj\debug\src\main.o
 .comment       0x0000006e       0x6f obj\debug\src\menu.o
 .comment       0x0000006e       0x6f obj\debug\src\serial_com.o
 .comment       0x0000006e       0x6f obj\debug\src\system_stm32f30x.o
 .comment       0x0000006e       0x6f obj\debug\src\timer.o

.debug_info     0x00000000     0x5140
 .debug_info    0x00000000      0xad4 obj\debug\spl\src\stm32f30x_rcc.o
 .debug_info    0x00000ad4      0xecc obj\debug\spl\src\stm32f30x_usart.o
 .debug_info    0x000019a0     0x12ea obj\debug\src\30010_io.o
 .debug_info    0x00002c8a      0x1d2 obj\debug\src\alien.o
 .debug_info    0x00002e5c      0x29a obj\debug\src\ansi.o
 .debug_info    0x000030f6      0x6f5 obj\debug\src\gamefunctions.o
 .debug_info    0x000037eb      0x316 obj\debug\src\joystick.o
 .debug_info    0x00003b01      0x1fb obj\debug\src\led_control.o
 .debug_info    0x00003cfc      0x2d0 obj\debug\src\main.o
 .debug_info    0x00003fcc      0x1b4 obj\debug\src\menu.o
 .debug_info    0x00004180      0x150 obj\debug\src\serial_com.o
 .debug_info    0x000042d0       0x7b obj\debug\src\startup_stm32f30x.o
 .debug_info    0x0000434b      0x470 obj\debug\src\system_stm32f30x.o
 .debug_info    0x000047bb      0x985 obj\debug\src\timer.o

.debug_abbrev   0x00000000     0x10c1
 .debug_abbrev  0x00000000      0x1ea obj\debug\spl\src\stm32f30x_rcc.o
 .debug_abbrev  0x000001ea      0x15c obj\debug\spl\src\stm32f30x_usart.o
 .debug_abbrev  0x00000346      0x33a obj\debug\src\30010_io.o
 .debug_abbrev  0x00000680       0xe8 obj\debug\src\alien.o
 .debug_abbrev  0x00000768       0xe1 obj\debug\src\ansi.o
 .debug_abbrev  0x00000849      0x156 obj\debug\src\gamefunctions.o
 .debug_abbrev  0x0000099f       0xdb obj\debug\src\joystick.o
 .debug_abbrev  0x00000a7a       0xdd obj\debug\src\led_control.o
 .debug_abbrev  0x00000b57       0xd2 obj\debug\src\main.o
 .debug_abbrev  0x00000c29       0xd0 obj\debug\src\menu.o
 .debug_abbrev  0x00000cf9       0xb6 obj\debug\src\serial_com.o
 .debug_abbrev  0x00000daf       0x14 obj\debug\src\startup_stm32f30x.o
 .debug_abbrev  0x00000dc3      0x11a obj\debug\src\system_stm32f30x.o
 .debug_abbrev  0x00000edd      0x1e4 obj\debug\src\timer.o

.debug_aranges  0x00000000      0x668
 .debug_aranges
                0x00000000      0x150 obj\debug\spl\src\stm32f30x_rcc.o
 .debug_aranges
                0x00000150      0x1a0 obj\debug\spl\src\stm32f30x_usart.o
 .debug_aranges
                0x000002f0       0x78 obj\debug\src\30010_io.o
 .debug_aranges
                0x00000368       0x38 obj\debug\src\alien.o
 .debug_aranges
                0x000003a0       0x70 obj\debug\src\ansi.o
 .debug_aranges
                0x00000410       0xc0 obj\debug\src\gamefunctions.o
 .debug_aranges
                0x000004d0       0x28 obj\debug\src\joystick.o
 .debug_aranges
                0x000004f8       0x28 obj\debug\src\led_control.o
 .debug_aranges
                0x00000520       0x28 obj\debug\src\main.o
 .debug_aranges
                0x00000548       0x48 obj\debug\src\menu.o
 .debug_aranges
                0x00000590       0x20 obj\debug\src\serial_com.o
 .debug_aranges
                0x000005b0       0x20 obj\debug\src\startup_stm32f30x.o
 .debug_aranges
                0x000005d0       0x30 obj\debug\src\system_stm32f30x.o
 .debug_aranges
                0x00000600       0x68 obj\debug\src\timer.o

.debug_ranges   0x00000000      0x590
 .debug_ranges  0x00000000      0x140 obj\debug\spl\src\stm32f30x_rcc.o
 .debug_ranges  0x00000140      0x190 obj\debug\spl\src\stm32f30x_usart.o
 .debug_ranges  0x000002d0       0x68 obj\debug\src\30010_io.o
 .debug_ranges  0x00000338       0x40 obj\debug\src\alien.o
 .debug_ranges  0x00000378       0x60 obj\debug\src\ansi.o
 .debug_ranges  0x000003d8       0xb0 obj\debug\src\gamefunctions.o
 .debug_ranges  0x00000488       0x18 obj\debug\src\joystick.o
 .debug_ranges  0x000004a0       0x18 obj\debug\src\led_control.o
 .debug_ranges  0x000004b8       0x18 obj\debug\src\main.o
 .debug_ranges  0x000004d0       0x38 obj\debug\src\menu.o
 .debug_ranges  0x00000508       0x10 obj\debug\src\serial_com.o
 .debug_ranges  0x00000518       0x20 obj\debug\src\system_stm32f30x.o
 .debug_ranges  0x00000538       0x58 obj\debug\src\timer.o

.debug_macro    0x00000000     0x3c53
 .debug_macro   0x00000000      0x238 obj\debug\spl\src\stm32f30x_rcc.o
 .debug_macro   0x00000238      0x5c0 obj\debug\spl\src\stm32f30x_rcc.o
 .debug_macro   0x000007f8      0x1b3 obj\debug\spl\src\stm32f30x_usart.o
 .debug_macro   0x000009ab      0x35e obj\debug\spl\src\stm32f30x_usart.o
 .debug_macro   0x00000d09      0x2de obj\debug\src\30010_io.o
 .debug_macro   0x00000fe7       0x52 obj\debug\src\30010_io.o
 .debug_macro   0x00001039       0x35 obj\debug\src\30010_io.o
 .debug_macro   0x0000106e       0x9c obj\debug\src\30010_io.o
 .debug_macro   0x0000110a       0x16 obj\debug\src\30010_io.o
 .debug_macro   0x00001120       0x97 obj\debug\src\30010_io.o
 .debug_macro   0x000011b7      0x30d obj\debug\src\30010_io.o
 .debug_macro   0x000014c4       0xfd obj\debug\src\30010_io.o
 .debug_macro   0x000015c1       0x10 obj\debug\src\30010_io.o
 .debug_macro   0x000015d1       0x52 obj\debug\src\30010_io.o
 .debug_macro   0x00001623       0x1f obj\debug\src\30010_io.o
 .debug_macro   0x00001642       0x43 obj\debug\src\30010_io.o
 .debug_macro   0x00001685       0x20 obj\debug\src\30010_io.o
 .debug_macro   0x000016a5      0x187 obj\debug\src\30010_io.o
 .debug_macro   0x0000182c       0x10 obj\debug\src\30010_io.o
 .debug_macro   0x0000183c       0x1c obj\debug\src\30010_io.o
 .debug_macro   0x00001858       0x52 obj\debug\src\30010_io.o
 .debug_macro   0x000018aa       0x40 obj\debug\src\30010_io.o
 .debug_macro   0x000018ea       0x10 obj\debug\src\30010_io.o
 .debug_macro   0x000018fa       0x40 obj\debug\src\30010_io.o
 .debug_macro   0x0000193a       0xd7 obj\debug\src\30010_io.o
 .debug_macro   0x00001a11       0x16 obj\debug\src\30010_io.o
 .debug_macro   0x00001a27      0x189 obj\debug\src\30010_io.o
 .debug_macro   0x00001bb0      0x319 obj\debug\src\alien.o
 .debug_macro   0x00001ec9       0x16 obj\debug\src\alien.o
 .debug_macro   0x00001edf       0x35 obj\debug\src\alien.o
 .debug_macro   0x00001f14      0x2de obj\debug\src\ansi.o
 .debug_macro   0x000021f2      0x3bd obj\debug\src\gamefunctions.o
 .debug_macro   0x000025af      0x2ef obj\debug\src\joystick.o
 .debug_macro   0x0000289e      0x2ef obj\debug\src\led_control.o
 .debug_macro   0x00002b8d      0x497 obj\debug\src\main.o
 .debug_macro   0x00003024       0x83 obj\debug\src\main.o
 .debug_macro   0x000030a7       0x16 obj\debug\src\main.o
 .debug_macro   0x000030bd       0x95 obj\debug\src\main.o
 .debug_macro   0x00003152       0x16 obj\debug\src\main.o
 .debug_macro   0x00003168       0x29 obj\debug\src\main.o
 .debug_macro   0x00003191      0x32f obj\debug\src\menu.o
 .debug_macro   0x000034c0      0x303 obj\debug\src\serial_com.o
 .debug_macro   0x000037c3      0x197 obj\debug\src\system_stm32f30x.o
 .debug_macro   0x0000395a      0x2f9 obj\debug\src\timer.o

.debug_line     0x00000000     0x557c
 .debug_line    0x00000000      0x7e5 obj\debug\spl\src\stm32f30x_rcc.o
 .debug_line    0x000007e5      0x86c obj\debug\spl\src\stm32f30x_usart.o
 .debug_line    0x00001051      0x733 obj\debug\src\30010_io.o
 .debug_line    0x00001784      0x5ee obj\debug\src\alien.o
 .debug_line    0x00001d72      0x642 obj\debug\src\ansi.o
 .debug_line    0x000023b4      0x8a0 obj\debug\src\gamefunctions.o
 .debug_line    0x00002c54      0x57f obj\debug\src\joystick.o
 .debug_line    0x000031d3      0x5a5 obj\debug\src\led_control.o
 .debug_line    0x00003778      0x61c obj\debug\src\main.o
 .debug_line    0x00003d94      0x6c6 obj\debug\src\menu.o
 .debug_line    0x0000445a      0x59e obj\debug\src\serial_com.o
 .debug_line    0x000049f8       0xbb obj\debug\src\startup_stm32f30x.o
 .debug_line    0x00004ab3      0x493 obj\debug\src\system_stm32f30x.o
 .debug_line    0x00004f46      0x636 obj\debug\src\timer.o

.debug_str      0x00000000    0x5802b
 .debug_str     0x00000000    0x52c14 obj\debug\spl\src\stm32f30x_rcc.o
                              0x52dd0 (size before relaxing)
 .debug_str     0x00052c14      0x81e obj\debug\spl\src\stm32f30x_usart.o
                              0x52ca4 (size before relaxing)
 .debug_str     0x00053432     0x4438 obj\debug\src\30010_io.o
                              0x56a09 (size before relaxing)
 .debug_str     0x0005786a       0xa0 obj\debug\src\alien.o
                              0x55ea4 (size before relaxing)
 .debug_str     0x0005790a       0x7f obj\debug\src\ansi.o
                              0x55ec1 (size before relaxing)
 .debug_str     0x00057989      0x188 obj\debug\src\gamefunctions.o
                              0x56014 (size before relaxing)
 .debug_str     0x00057b11       0x69 obj\debug\src\joystick.o
                              0x55f56 (size before relaxing)
 .debug_str     0x00057b7a       0x34 obj\debug\src\led_control.o
                              0x55ec6 (size before relaxing)
 .debug_str     0x00057bae      0x1cd obj\debug\src\main.o
                              0x560ff (size before relaxing)
 .debug_str     0x00057d7b       0xae obj\debug\src\menu.o
                              0x55f67 (size before relaxing)
 .debug_str     0x00057e29       0x1f obj\debug\src\serial_com.o
                              0x55e93 (size before relaxing)
 .debug_str     0x00057e48       0xe0 obj\debug\src\system_stm32f30x.o
                              0x52462 (size before relaxing)
 .debug_str     0x00057f28      0x103 obj\debug\src\timer.o
                              0x564db (size before relaxing)

.debug_frame    0x00000000     0x21f8
 .debug_frame   0x00000000      0x60c obj\debug\spl\src\stm32f30x_rcc.o
 .debug_frame   0x0000060c      0x7b0 obj\debug\spl\src\stm32f30x_usart.o
 .debug_frame   0x00000dbc      0x1b4 obj\debug\src\30010_io.o
 .debug_frame   0x00000f70       0xa8 obj\debug\src\alien.o
 .debug_frame   0x00001018      0x17c obj\debug\src\ansi.o
 .debug_frame   0x00001194      0x338 obj\debug\src\gamefunctions.o
 .debug_frame   0x000014cc       0x58 obj\debug\src\joystick.o
 .debug_frame   0x00001524       0x58 obj\debug\src\led_control.o
 .debug_frame   0x0000157c       0x4c obj\debug\src\main.o
 .debug_frame   0x000015c8       0xc8 obj\debug\src\menu.o
 .debug_frame   0x00001690       0x38 obj\debug\src\serial_com.o
 .debug_frame   0x000016c8       0x74 obj\debug\src\system_stm32f30x.o
 .debug_frame   0x0000173c      0x164 obj\debug\src\timer.o
 .debug_frame   0x000018a0       0x28 c:/program files (x86)/embitz/1.11/share/em_armgcc/bin/../lib/gcc/arm-none-eabi/5.4.1/../../../../arm-none-eabi/lib/armv7e-m\libg_n.a(lib_a-exit.o)
 .debug_frame   0x000018c8       0x2c c:/program files (x86)/embitz/1.11/share/em_armgcc/bin/../lib/gcc/arm-none-eabi/5.4.1/../../../../arm-none-eabi/lib/armv7e-m\libg_n.a(lib_a-init.o)
 .debug_frame   0x000018f4       0x20 c:/program files (x86)/embitz/1.11/share/em_armgcc/bin/../lib/gcc/arm-none-eabi/5.4.1/../../../../arm-none-eabi/lib/armv7e-m\libg_n.a(lib_a-memset.o)
 .debug_frame   0x00001914       0x74 c:/program files (x86)/embitz/1.11/share/em_armgcc/bin/../lib/gcc/arm-none-eabi/5.4.1/../../../../arm-none-eabi/lib/armv7e-m\libg_n.a(lib_a-printf.o)
 .debug_frame   0x00001988       0x58 c:/program files (x86)/embitz/1.11/share/em_armgcc/bin/../lib/gcc/arm-none-eabi/5.4.1/../../../../arm-none-eabi/lib/armv7e-m\libg_n.a(lib_a-putchar.o)
 .debug_frame   0x000019e0       0x44 c:/program files (x86)/embitz/1.11/share/em_armgcc/bin/../lib/gcc/arm-none-eabi/5.4.1/../../../../arm-none-eabi/lib/armv7e-m\libg_n.a(lib_a-rand.o)
 .debug_frame   0x00001a24       0x20 c:/program files (x86)/embitz/1.11/share/em_armgcc/bin/../lib/gcc/arm-none-eabi/5.4.1/../../../../arm-none-eabi/lib/armv7e-m\libg_n.a(lib_a-setbuf.o)
 .debug_frame   0x00001a44       0x38 c:/program files (x86)/embitz/1.11/share/em_armgcc/bin/../lib/gcc/arm-none-eabi/5.4.1/../../../../arm-none-eabi/lib/armv7e-m\libg_n.a(lib_a-setvbuf.o)
 .debug_frame   0x00001a7c       0x68 c:/program files (x86)/embitz/1.11/share/em_armgcc/bin/../lib/gcc/arm-none-eabi/5.4.1/../../../../arm-none-eabi/lib/armv7e-m\libg_n.a(lib_a-fflush.o)
 .debug_frame   0x00001ae4      0x11c c:/program files (x86)/embitz/1.11/share/em_armgcc/bin/../lib/gcc/arm-none-eabi/5.4.1/../../../../arm-none-eabi/lib/armv7e-m\libg_n.a(lib_a-findfp.o)
 .debug_frame   0x00001c00       0x54 c:/program files (x86)/embitz/1.11/share/em_armgcc/bin/../lib/gcc/arm-none-eabi/5.4.1/../../../../arm-none-eabi/lib/armv7e-m\libg_n.a(lib_a-fwalk.o)
 .debug_frame   0x00001c54       0x54 c:/program files (x86)/embitz/1.11/share/em_armgcc/bin/../lib/gcc/arm-none-eabi/5.4.1/../../../../arm-none-eabi/lib/armv7e-m\libg_n.a(lib_a-makebuf.o)
 .debug_frame   0x00001ca8       0x30 c:/program files (x86)/embitz/1.11/share/em_armgcc/bin/../lib/gcc/arm-none-eabi/5.4.1/../../../../arm-none-eabi/lib/armv7e-m\libg_n.a(lib_a-malloc.o)
 .debug_frame   0x00001cd8       0x38 c:/program files (x86)/embitz/1.11/share/em_armgcc/bin/../lib/gcc/arm-none-eabi/5.4.1/../../../../arm-none-eabi/lib/armv7e-m\libg_n.a(lib_a-nano-freer.o)
 .debug_frame   0x00001d10       0x2c c:/program files (x86)/embitz/1.11/share/em_armgcc/bin/../lib/gcc/arm-none-eabi/5.4.1/../../../../arm-none-eabi/lib/armv7e-m\libg_n.a(lib_a-nano-mallocr.o)
 .debug_frame   0x00001d3c       0xac c:/program files (x86)/embitz/1.11/share/em_armgcc/bin/../lib/gcc/arm-none-eabi/5.4.1/../../../../arm-none-eabi/lib/armv7e-m\libg_n.a(lib_a-nano-vfprintf.o)
 .debug_frame   0x00001de8       0x60 c:/program files (x86)/embitz/1.11/share/em_armgcc/bin/../lib/gcc/arm-none-eabi/5.4.1/../../../../arm-none-eabi/lib/armv7e-m\libg_n.a(lib_a-nano-vfprintf_i.o)
 .debug_frame   0x00001e48       0x48 c:/program files (x86)/embitz/1.11/share/em_armgcc/bin/../lib/gcc/arm-none-eabi/5.4.1/../../../../arm-none-eabi/lib/armv7e-m\libg_n.a(lib_a-putc.o)
 .debug_frame   0x00001e90       0x2c c:/program files (x86)/embitz/1.11/share/em_armgcc/bin/../lib/gcc/arm-none-eabi/5.4.1/../../../../arm-none-eabi/lib/armv7e-m\libg_n.a(lib_a-sbrkr.o)
 .debug_frame   0x00001ebc       0x88 c:/program files (x86)/embitz/1.11/share/em_armgcc/bin/../lib/gcc/arm-none-eabi/5.4.1/../../../../arm-none-eabi/lib/armv7e-m\libg_n.a(lib_a-stdio.o)
 .debug_frame   0x00001f44       0x40 c:/program files (x86)/embitz/1.11/share/em_armgcc/bin/../lib/gcc/arm-none-eabi/5.4.1/../../../../arm-none-eabi/lib/armv7e-m\libg_n.a(lib_a-wbuf.o)
 .debug_frame   0x00001f84       0x2c c:/program files (x86)/embitz/1.11/share/em_armgcc/bin/../lib/gcc/arm-none-eabi/5.4.1/../../../../arm-none-eabi/lib/armv7e-m\libg_n.a(lib_a-wsetup.o)
 .debug_frame   0x00001fb0       0x2c c:/program files (x86)/embitz/1.11/share/em_armgcc/bin/../lib/gcc/arm-none-eabi/5.4.1/../../../../arm-none-eabi/lib/armv7e-m\libg_n.a(lib_a-closer.o)
 .debug_frame   0x00001fdc       0x2c c:/program files (x86)/embitz/1.11/share/em_armgcc/bin/../lib/gcc/arm-none-eabi/5.4.1/../../../../arm-none-eabi/lib/armv7e-m\libg_n.a(lib_a-fstatr.o)
 .debug_frame   0x00002008       0x2c c:/program files (x86)/embitz/1.11/share/em_armgcc/bin/../lib/gcc/arm-none-eabi/5.4.1/../../../../arm-none-eabi/lib/armv7e-m\libg_n.a(lib_a-isattyr.o)
 .debug_frame   0x00002034       0x2c c:/program files (x86)/embitz/1.11/share/em_armgcc/bin/../lib/gcc/arm-none-eabi/5.4.1/../../../../arm-none-eabi/lib/armv7e-m\libg_n.a(lib_a-lseekr.o)
 .debug_frame   0x00002060       0x30 c:/program files (x86)/embitz/1.11/share/em_armgcc/bin/../lib/gcc/arm-none-eabi/5.4.1/../../../../arm-none-eabi/lib/armv7e-m\libg_n.a(lib_a-mlock.o)
 .debug_frame   0x00002090       0x2c c:/program files (x86)/embitz/1.11/share/em_armgcc/bin/../lib/gcc/arm-none-eabi/5.4.1/../../../../arm-none-eabi/lib/armv7e-m\libg_n.a(lib_a-readr.o)
 .debug_frame   0x000020bc       0x5c c:/program files (x86)/embitz/1.11/share/em_armgcc/bin/../lib/gcc/arm-none-eabi/5.4.1/../../../../arm-none-eabi/lib/armv7e-m\libg_n.a(lib_a-reent.o)
 .debug_frame   0x00002118       0x20 c:/program files (x86)/embitz/1.11/share/em_armgcc/bin/../lib/gcc/arm-none-eabi/5.4.1/../../../../arm-none-eabi/lib/armv7e-m\libnosys_s.a(close.o)
 .debug_frame   0x00002138       0x20 c:/program files (x86)/embitz/1.11/share/em_armgcc/bin/../lib/gcc/arm-none-eabi/5.4.1/../../../../arm-none-eabi/lib/armv7e-m\libnosys_s.a(fstat.o)
 .debug_frame   0x00002158       0x20 c:/program files (x86)/embitz/1.11/share/em_armgcc/bin/../lib/gcc/arm-none-eabi/5.4.1/../../../../arm-none-eabi/lib/armv7e-m\libnosys_s.a(isatty.o)
 .debug_frame   0x00002178       0x20 c:/program files (x86)/embitz/1.11/share/em_armgcc/bin/../lib/gcc/arm-none-eabi/5.4.1/../../../../arm-none-eabi/lib/armv7e-m\libnosys_s.a(lseek.o)
 .debug_frame   0x00002198       0x20 c:/program files (x86)/embitz/1.11/share/em_armgcc/bin/../lib/gcc/arm-none-eabi/5.4.1/../../../../arm-none-eabi/lib/armv7e-m\libnosys_s.a(read.o)
 .debug_frame   0x000021b8       0x20 c:/program files (x86)/embitz/1.11/share/em_armgcc/bin/../lib/gcc/arm-none-eabi/5.4.1/../../../../arm-none-eabi/lib/armv7e-m\libnosys_s.a(sbrk.o)
 .debug_frame   0x000021d8       0x20 c:/program files (x86)/embitz/1.11/share/em_armgcc/bin/../lib/gcc/arm-none-eabi/5.4.1/../../../../arm-none-eabi/lib/armv7e-m\libnosys_s.a(_exit.o)

.stab           0x00000000       0x84
 .stab          0x00000000       0x24 c:/program files (x86)/embitz/1.11/share/em_armgcc/bin/../lib/gcc/arm-none-eabi/5.4.1/../../../../arm-none-eabi/lib/armv7e-m\libnosys_s.a(close.o)
 .stab          0x00000024       0x18 c:/program files (x86)/embitz/1.11/share/em_armgcc/bin/../lib/gcc/arm-none-eabi/5.4.1/../../../../arm-none-eabi/lib/armv7e-m\libnosys_s.a(fstat.o)
                                 0x24 (size before relaxing)
 .stab          0x0000003c       0x18 c:/program files (x86)/embitz/1.11/share/em_armgcc/bin/../lib/gcc/arm-none-eabi/5.4.1/../../../../arm-none-eabi/lib/armv7e-m\libnosys_s.a(isatty.o)
                                 0x24 (size before relaxing)
 .stab          0x00000054       0x18 c:/program files (x86)/embitz/1.11/share/em_armgcc/bin/../lib/gcc/arm-none-eabi/5.4.1/../../../../arm-none-eabi/lib/armv7e-m\libnosys_s.a(lseek.o)
                                 0x24 (size before relaxing)
 .stab          0x0000006c       0x18 c:/program files (x86)/embitz/1.11/share/em_armgcc/bin/../lib/gcc/arm-none-eabi/5.4.1/../../../../arm-none-eabi/lib/armv7e-m\libnosys_s.a(read.o)
                                 0x24 (size before relaxing)

.stabstr        0x00000000      0x117
 .stabstr       0x00000000      0x117 c:/program files (x86)/embitz/1.11/share/em_armgcc/bin/../lib/gcc/arm-none-eabi/5.4.1/../../../../arm-none-eabi/lib/armv7e-m\libnosys_s.a(close.o)
